munsu dashboard PARTIAL refreshed 0s ago  /h
unresolved 2  Human-needed 0  failed sources 1
Failed sources and tasks
> x captain:beta  reading canonical task authority state for /h/captains/beta: home: not initialized
    t-work                 working          ship    primary          implementing
Events - unreadable: open /h/state/events.log: permission denied
j/k move  R retire  V recover  C converge  v record-verdict  q quit
