munsu dashboard /h  STALE last good read 45s ago
unresolved 2  Human-needed 0  failed sources 0
Last read failed: reading authoritative current state: no current-state query provided
Tasks
>   t-work                 working [stale]  ship    primary          implementing
    t-q                    queued [stale]   ship    primary          waiting
Events
No events yet.
j/k move  b block  u unblock  d done  t retry  o reopen  x teardown  p promote  s send
h hold  e resolve  c complete  R retire  V recover  C converge  v record-verdict  m pr-merge  q quit
