munsu dashboard REFRESHED 0s ago  /h
unresolved 30  Human-needed 0  failed sources 0
Tasks - Showing 13 of 30 (page 1 of 3)
>   t-00                   working          ship    primary          implementing
    t-01                   working          ship    primary          implementing
    t-02                   working          ship    primary          implementing
    t-03                   working          ship    primary          implementing
    t-04                   working          ship    primary          implementing
    t-05                   working          ship    primary          implementing
    t-06                   working          ship    primary          implementing
    t-07                   working          ship    primary          implementing
    t-08                   working          ship    primary          implementing
    t-09                   working          ship    primary          implementing
    t-10                   working          ship    primary          implementing
    t-11                   working          ship    primary          implementing
    t-12                   working          ship    primary          implementing
Events - Showing 5 of the last 40 read
12:00:36 task.status t k working: step 36
12:00:37 task.status t k working: step 37
12:00:38 task.status t k working: step 38
12:00:39 task.status t k working: step 39
12:00:40 task.status t k working: step 40
j/k move  b block  u unblock  d done  t retry  o reopen  x teardown  p promote  s send
h hold  e resolve  c complete  R retire  V recover  C converge  v record-verdict  m pr-merge  q quit
